../Core/Src/main.c:86:6:microDelay	16	static
../Core/Src/main.c:92:9:DHT22_Start	32	static
../Core/Src/main.c:123:9:DHT22_Read	16	static
../Core/Src/main.c:154:5:main	96	static
../Core/Src/main.c:259:6:SystemClock_Config	88	static
../Core/Src/main.c:306:13:MX_ADC1_Init	24	static
../Core/Src/main.c:358:13:MX_TIM1_Init	32	static
../Core/Src/main.c:404:13:MX_USART1_UART_Init	8	static
../Core/Src/main.c:437:13:MX_USART2_UART_Init	8	static
../Core/Src/main.c:470:13:MX_USART6_UART_Init	8	static
../Core/Src/main.c:503:13:MX_GPIO_Init	48	static
../Core/Src/main.c:553:6:Error_Handler	4	static,ignoring_inline_asm
